---
source: tests/parser_snapshots.rs
assertion_line: 7
expression: blocks
---
- - 15964520384009149115
  - Heading:
      level: 1
      id: title
      inlines:
        - Text: Title
- - 4243740284306721834
  - Paragraph:
      - Text: "Hello "
      - Emph:
          - Text: world
      - Text: ". This is "
      - Strong:
          - Text: strong
      - Text: "."
- - 3159277434310101661
  - Heading:
      level: 2
      id: subtitle
      inlines:
        - Text: Subtitle
- - 159611225879369740
  - Paragraph:
      - Text: "A paragraph with "
      - Code: inline code
      - Text: " and a "
      - Link:
          url: "https://example.com"
          children:
            - Text: link
      - Text: "."
